  [tpch @64MiB] s3a_random             lat=    176.8s remote=    892.0MiB amp= 0.717  (0s)
  [tpch @64MiB] template_locality      lat=    197.8s remote=    933.2MiB amp= 0.750  (0s)
  [tpch @64MiB] s3a_prefetch           lat=     69.9s remote=  13950.9MiB amp=11.220  (0s)
  [tpch @64MiB] template_multimodal    lat=    178.0s remote=    878.1MiB amp= 0.706  (0s)
  => tpch @64MiB best=s3a_prefetch
  [tpch @256MiB] s3a_random             lat=     42.7s remote=    202.8MiB amp= 0.163  (0s)
  [tpch @256MiB] template_locality      lat=     69.1s remote=    321.4MiB amp= 0.258  (0s)
  [tpch @256MiB] s3a_prefetch           lat=      8.0s remote=   1108.7MiB amp= 0.892  (0s)
  [tpch @256MiB] template_multimodal    lat=     45.2s remote=    199.1MiB amp= 0.160  (0s)
  => tpch @256MiB best=s3a_prefetch

  [ml_epoch_scan @64MiB] s3a_random             lat=     42.7s remote=   1006.3MiB amp= 0.992  (0s)
  [ml_epoch_scan @64MiB] template_locality      lat=     30.6s remote=    312.9MiB amp= 0.308  (0s)
  [ml_epoch_scan @64MiB] s3a_prefetch           lat=     14.5s remote=   3368.5MiB amp= 3.320  (0s)
  [ml_epoch_scan @64MiB] template_multimodal    lat=     42.7s remote=   1005.7MiB amp= 0.991  (0s)
  => ml_epoch_scan @64MiB best=s3a_prefetch
  [ml_epoch_scan @256MiB] s3a_random             lat=     32.1s remote=    764.4MiB amp= 0.753  (0s)
  [ml_epoch_scan @256MiB] template_locality      lat=     18.0s remote=    252.9MiB amp= 0.249  (0s)
  [ml_epoch_scan @256MiB] s3a_prefetch           lat=     11.0s remote=   2159.7MiB amp= 2.128  (0s)
  [ml_epoch_scan @256MiB] template_multimodal    lat=     32.1s remote=    764.0MiB amp= 0.753  (0s)
  => ml_epoch_scan @256MiB best=s3a_prefetch

  [lance_large @64MiB] s3a_random             lat=   5010.9s remote=  15793.3MiB amp= 1.564  (14s)
  [lance_large @64MiB] template_locality      lat=   4658.4s remote=  21813.2MiB amp= 2.160  (6s)
  [lance_large @64MiB] s3a_prefetch           lat=   7972.1s remote=1836512.8MiB amp=181.840  (7s)
  [lance_large @64MiB] template_multimodal    lat=   4849.0s remote=  15580.3MiB amp= 1.543  (13s)
  => lance_large @64MiB best=template_locality
  [lance_large @256MiB] s3a_random             lat=   3295.3s remote=  13675.4MiB amp= 1.354  (31s)
  [lance_large @256MiB] template_locality      lat=   2584.2s remote=  11940.9MiB amp= 1.182  (9s)
  [lance_large @256MiB] s3a_prefetch           lat=   4908.2s remote= 688207.7MiB amp=68.142  (4s)
  [lance_large @256MiB] template_multimodal    lat=   2786.4s remote=  13036.6MiB amp= 1.291  (26s)
  => lance_large @256MiB best=template_locality

  [lance_small @64MiB] s3a_random             lat=   3876.5s remote=   8287.1MiB amp= 2.046  (11s)
  [lance_small @64MiB] template_locality      lat=   3740.2s remote=  17667.1MiB amp= 4.361  (5s)
  [lance_small @64MiB] s3a_prefetch           lat=   5705.7s remote= 925979.5MiB amp=228.559  (4s)
  [lance_small @64MiB] template_multimodal    lat=   3741.7s remote=   8432.2MiB amp= 2.081  (10s)
  => lance_small @64MiB best=template_locality
  [lance_small @256MiB] s3a_random             lat=    556.3s remote=    864.2MiB amp= 0.213  (6s)
  [lance_small @256MiB] template_locality      lat=    186.7s remote=    759.5MiB amp= 0.187  (2s)
  [lance_small @256MiB] s3a_prefetch           lat=      1.4s remote=    182.1MiB amp= 0.045  (2s)
  [lance_small @256MiB] template_multimodal    lat=    302.8s remote=    700.5MiB amp= 0.173  (3s)
  => lance_small @256MiB best=s3a_prefetch

  [ml_embedding @64MiB] s3a_random             lat=      1.0s remote=      1.3MiB amp= 0.020  (2s)
  [ml_embedding @64MiB] template_locality      lat=      0.4s remote=      1.1MiB amp= 0.017  (2s)
  [ml_embedding @64MiB] s3a_prefetch           lat=      0.1s remote=      0.9MiB amp= 0.014  (2s)
  [ml_embedding @64MiB] template_multimodal    lat=      0.7s remote=      1.0MiB amp= 0.015  (2s)
  => ml_embedding @64MiB best=s3a_prefetch
  [ml_embedding @256MiB] s3a_random             lat=      1.0s remote=      1.3MiB amp= 0.020  (2s)
  [ml_embedding @256MiB] template_locality      lat=      0.4s remote=      1.1MiB amp= 0.017  (2s)
  [ml_embedding @256MiB] s3a_prefetch           lat=      0.1s remote=      0.9MiB amp= 0.014  (2s)
  [ml_embedding @256MiB] template_multimodal    lat=      0.7s remote=      1.0MiB amp= 0.015  (2s)
  => ml_embedding @256MiB best=s3a_prefetch

  [multimodal @64MiB] s3a_random             lat=     39.6s remote=    188.2MiB amp= 0.891  (0s)
  [multimodal @64MiB] template_locality      lat=     38.2s remote=    192.5MiB amp= 0.911  (0s)
  [multimodal @64MiB] s3a_prefetch           lat=    101.1s remote=  46103.5MiB amp=218.196  (0s)
  [multimodal @64MiB] template_multimodal    lat=     38.6s remote=    186.2MiB amp= 0.881  (0s)
  => multimodal @64MiB best=template_locality
  [multimodal @256MiB] s3a_random             lat=     35.6s remote=    169.6MiB amp= 0.803  (0s)
  [multimodal @256MiB] template_locality      lat=     34.6s remote=    175.3MiB amp= 0.829  (0s)
  [multimodal @256MiB] s3a_prefetch           lat=     58.1s remote=  19917.8MiB amp=94.266  (0s)
  [multimodal @256MiB] template_multimodal    lat=     34.6s remote=    167.7MiB amp= 0.794  (0s)
  => multimodal @256MiB best=template_locality


================================================================================================
PER-WORKLOAD BEST POLICY (by simulated latency), across cache budgets
================================================================================================
workload         label(ref,256)                          64MiB                 256MiB
-------------------------------------------------------------------------------------
tpch             s3a_random                     s3a_prefetch *         s3a_prefetch *
ml_epoch_scan    template_locality              s3a_prefetch *         s3a_prefetch *
lance_large      template_locality           template_locality      template_locality
lance_small      s3a_prefetch              template_locality *           s3a_prefetch
ml_embedding     s3a_prefetch                     s3a_prefetch           s3a_prefetch
multimodal       template_multimodal       template_locality *    template_locality *

FLIPS ACROSS BUDGETS (the label a retrain would actually change):
  * lance_small: 64MiB=template_locality -> 256MiB=s3a_prefetch

cost of keeping the 256MiB label at 64MiB (latency, lower=better):
  tpch             label=s3a_random                176.8s   best=s3a_prefetch               69.9s   gap=+152.9%  <-- retrain would fix this
  ml_epoch_scan    label=template_locality          30.6s   best=s3a_prefetch               14.5s   gap=+111.6%  <-- retrain would fix this
  lance_large      label=template_locality        4658.4s   best=template_locality        4658.4s   gap=  +0.0%
  lance_small      label=s3a_prefetch             5705.7s   best=template_locality        3740.2s   gap= +52.6%  <-- retrain would fix this
  ml_embedding     label=s3a_prefetch                0.1s   best=s3a_prefetch                0.1s   gap=  +0.0%
  multimodal       label=template_multimodal        38.6s   best=template_locality          38.2s   gap=  +1.0%  <-- retrain would fix this

wrote access_report/label_flip_check.json
